
> ai-playwright-mcp@1.0.0 test
> playwright test


Running 1 test using 1 worker

[1A[2K[1/1] [chromium] ΓÇ║ tests\login.spec.js:11:7 ΓÇ║ OrangeHRM Login Tests ΓÇ║ Should login successfully with valid credentials
[1A[2K  1) [chromium] ΓÇ║ tests\login.spec.js:11:7 ΓÇ║ OrangeHRM Login Tests ΓÇ║ Should login successfully with valid credentials 

    Error: [2mexpect([22m[31mpage[39m[2m).[22mtoHaveTitle[2m([22m[32mexpected[39m[2m)[22m failed

    Expected pattern: [32m/Dashboard|Home/[39m
    Received string:  [31m"OrangeHRM"[39m
    Timeout: 5000ms

    Call log:
    [2m  - Expect "toHaveTitle" with timeout 5000ms[22m
    [2m    7 ├ù unexpected value "OrangeHRM"[22m


      28 |
      29 |     // Verify successful login by checking if we're on the dashboard
    > 30 |     await expect(page).toHaveTitle(/Dashboard|Home/);
         |                        ^
      31 |   });
      32 | });
      33 |
        at C:\Users\HP\Desktop\playwright-mcp\ai-playwright-mcp\tests\login.spec.js:30:24

    Error Context: test-results\tests-login-OrangeHRM-Logi-56f65-ully-with-valid-credentials-chromium\error-context.md


[1A[2K  1 failed
    [chromium] ΓÇ║ tests\login.spec.js:11:7 ΓÇ║ OrangeHRM Login Tests ΓÇ║ Should login successfully with valid credentials 

[36m  Serving HTML report at http://localhost:64414. Press Ctrl+C to quit.[39m
